       495,           5,  match
       230,         270,  match
       399,         101,  match
       452,          48,  match
        12,         488,  match
       334,         166,  match
        24,         476,  match
       361,         139,  match
       308,         192,  match
       141,         359,  match
       161,         339,  match
       182,         318,  match
        67,         433,  match
       223,         277,  match
        42,         458,  match
         2,         498,  match
       133,         367,  match
       352,         148,  match
       139,         361,  match
       493,           7,  match
       334,         166,  match
       117,         383,  match
       389,         111,  match
        15,         485,  match
       268,         232,  match
       236,         264,  match
       109,         391,  match
       428,          72,  match
       487,          13,  match
       161,         339,  match
       435,          65,  match
       313,         187,  match
       234,         266,  match
       114,         386,  match
        18,         482,  match
       447,          53,  match
       238,         262,  match
       315,         185,  match
       130,         370,  match
       332,         168,  match
       101,         399,  match
       382,         118,  match
       390,         110,  match
       177,         323,  match
       200,         300,  match
       307,         193,  match
       129,         371,  match
       298,         202,  match
        43,         457,  match
       125,         375,  match
        28,         472,  match
       403,          97,  match
       337,         163,  match
       470,          30,  match
       106,         394,  match
       172,         328,  match
       342,         158,  match
       244,         256,  match
       177,         323,  match
       420,          80,  match
       170,         330,  match
       426,          74,  match
       240,         260,  match
        19,         481,  match
       147,         353,  match
       315,         185,  match
       460,          40,  match
       263,         237,  match
       470,          30,  match
        88,         412,  match
       162,         338,  match
       458,          42,  match
         2,         498,  match
       316,         184,  match
        22,         478,  match
       129,         371,  match
       461,          39,  match
       264,         236,  match
       155,         345,  match
       303,         197,  match
       145,         355,  match
       400,         100,  match
       315,         185,  match
       438,          62,  match
        37,         463,  match
       447,          53,  match
        26,         474,  match
       390,         110,  match
       104,         396,  match
       478,          22,  match
       239,         261,  match
       188,         312,  match
       444,          56,  match
       196,         304,  match
       234,         266,  match
       433,          67,  match
       455,          45,  match
       248,         252,  match
       358,         142,  match
         8,         492,  match
       228,         272,  match
       473,          27,  match
       285,         215,  match
       325,         175,  match
       485,          15,  match
        44,         456,  match
       478,          22,  match
        54,         446,  match
       192,         308,  match
        83,         417,  match
       122,         378,  match
       458,          42,  match
       366,         134,  match
       485,          15,  match
       280,         220,  match
       465,          35,  match
        94,         406,  match
       495,           5,  match
       399,         101,  match
       112,         388,  match
        29,         471,  match
         3,         497,  match
       251,         249,  match
       212,         288,  match
        30,         470,  match
       293,         207,  match
       359,         141,  match
       481,          19,  match
       422,          78,  match
        43,         457,  match
       178,         322,  match
        53,         447,  match
       487,          13,  match
       348,         152,  match
       158,         342,  match
       317,         183,  match
       190,         310,  match
       419,          81,  match
        55,         445,  match
       373,         127,  match
        44,         456,  match
       414,          86,  match
       346,         154,  match
       125,         375,  match
       323,         177,  match
       362,         138,  match
       426,          74,  match
       303,         197,  match
       408,          92,  match
       471,          29,  match
        44,         456,  match
        59,         441,  match
        95,         405,  match
       143,         357,  match
       155,         345,  match
       420,          80,  match
        33,         467,  match
       369,         131,  match
       224,         276,  match
       282,         218,  match
       448,          52,  match
       440,          60,  match
        14,         486,  match
         5,         495,  match
       259,         241,  match
       422,          78,  match
       362,         138,  match
       298,         202,  match
       461,          39,  match
       115,         385,  match
       428,          72,  match
       171,         329,  match
        79,         421,  match
       282,         218,  match
       269,         231,  match
       123,         377,  match
       172,         328,  match
       145,         355,  match
       351,         149,  match
        99,         401,  match
       350,         150,  match
       399,         101,  match
       311,         189,  match
        57,         443,  match
        46,         454,  match
       196,         304,  match
       142,         358,  match
        98,         402,  match
       317,         183,  match
       401,          99,  match
       169,         331,  match
       134,         366,  match
       162,         338,  match
       458,          42,  match
        65,         435,  match
       122,         378,  match
       171,         329,  match
       319,         181,  match
       244,         256,  match
       249,         251,  match
       356,         144,  match
       219,         281,  match
       305,         195,  match
       374,         126,  match
       387,         113,  match
       167,         333,  match
        94,         406,  match
       413,          87,  match
       311,         189,  match
       133,         367,  match
       268,         232,  match
       498,           2,  match
       431,          69,  match
       196,         304,  match
       489,          11,  match
       105,         395,  match
        70,         430,  match
       285,         215,  match
       185,         315,  match
       466,          34,  match
       149,         351,  match
        36,         464,  match
        62,         438,  match
       276,         224,  match
       227,         273,  match
       164,         336,  match
       382,         118,  match
        48,         452,  match
        23,         477,  match
       328,         172,  match
        20,         480,  match
        24,         476,  match
       138,         362,  match
       229,         271,  match
       422,          78,  match
       137,         363,  match
       212,         288,  match
       315,         185,  match
       356,         144,  match
       343,         157,  match
       418,          82,  match
       382,         118,  match
        81,         419,  match
       466,          34,  match
       245,         255,  match
       213,         287,  match
       155,         345,  match
       128,         372,  match
       236,         264,  match
       241,         259,  match
       224,         276,  match
       220,         280,  match
       479,          21,  match
         9,         491,  match
       448,          52,  match
       262,         238,  match
       256,         244,  match
       212,         288,  match
       497,           3,  match
       282,         218,  match
       256,         244,  match
        16,         484,  match
       216,         284,  match
       392,         108,  match
       273,         227,  match
       125,         375,  match
       175,         325,  match
       259,         241,  match
        91,         409,  match
       171,         329,  match
       352,         148,  match
       195,         305,  match
       217,         283,  match
       455,          45,  match
       432,          68,  match
       288,         212,  match
       409,          91,  match
       371,         129,  match
       341,         159,  match
       411,          89,  match
       282,         218,  match
        14,         486,  match
       129,         371,  match
       496,           4,  match
       271,         229,  match
       260,         240,  match
       162,         338,  match
       352,         148,  match
       328,         172,  match
       257,         243,  match
       195,         305,  match
       367,         133,  match
       190,         310,  match
       385,         115,  match
       214,         286,  match
        50,         450,  match
       404,          96,  match
       206,         294,  match
       144,         356,  match
       102,         398,  match
       411,          89,  match
         9,         491,  match
        65,         435,  match
       149,         351,  match
       362,         138,  match
        19,         481,  match
       352,         148,  match
       210,         290,  match
       444,          56,  match
        60,         440,  match
       225,         275,  match
       239,         261,  match
       159,         341,  match
       406,          94,  match
       319,         181,  match
       284,         216,  match
       411,          89,  match
       388,         112,  match
       119,         381,  match
       382,         118,  match
       210,         290,  match
       268,         232,  match
        76,         424,  match
       135,         365,  match
        75,         425,  match
       423,          77,  match
       350,         150,  match
        19,         481,  match
       234,         266,  match
        45,         455,  match
       140,         360,  match
        10,         490,  match
       365,         135,  match
       257,         243,  match
       459,          41,  match
       440,          60,  match
       105,         395,  match
        28,         472,  match
        30,         470,  match
       406,          94,  match
        58,         442,  match
       425,          75,  match
       360,         140,  match
       283,         217,  match
       335,         165,  match
        71,         429,  match
       178,         322,  match
       309,         191,  match
       496,           4,  match
       154,         346,  match
       294,         206,  match
       389,         111,  match
       329,         171,  match
       116,         384,  match
       494,           6,  match
       175,         325,  match
       373,         127,  match
       323,         177,  match
       318,         182,  match
       419,          81,  match
       221,         279,  match
       255,         245,  match
       462,          38,  match
       372,         128,  match
       458,          42,  match
        75,         425,  match
       469,          31,  match
       217,         283,  match
       381,         119,  match
        25,         475,  match
       488,          12,  match
       309,         191,  match
       183,         317,  match
        70,         430,  match
        51,         449,  match
       379,         121,  match
       312,         188,  match
       419,          81,  match
       400,         100,  match
       260,         240,  match
       130,         370,  match
       165,         335,  match
       224,         276,  match
       158,         342,  match
       349,         151,  match
        79,         421,  match
       304,         196,  match
       195,         305,  match
       354,         146,  match
        75,         425,  match
        50,         450,  match
       401,          99,  match
       429,          71,  match
       322,         178,  match
       232,         268,  match
        60,         440,  match
       181,         319,  match
       492,           8,  match
       240,         260,  match
       162,         338,  match
       373,         127,  match
       154,         346,  match
        20,         480,  match
       268,         232,  match
       171,         329,  match
        59,         441,  match
       107,         393,  match
       369,         131,  match
       327,         173,  match
       415,          85,  match
       432,          68,  match
       206,         294,  match
       234,         266,  match
       342,         158,  match
        76,         424,  match
       206,         294,  match
        82,         418,  match
       329,         171,  match
       429,          71,  match
       123,         377,  match
       207,         293,  match
       413,          87,  match
        84,         416,  match
        19,         481,  match
       408,          92,  match
        21,         479,  match
       104,         396,  match
       204,         296,  match
       316,         184,  match
       471,          29,  match
       108,         392,  match
        97,         403,  match
       190,         310,  match
       421,          79,  match
       204,         296,  match
       161,         339,  match
       263,         237,  match
       257,         243,  match
         6,         494,  match
        67,         433,  match
       268,         232,  match
       133,         367,  match
       389,         111,  match
       208,         292,  match
       125,         375,  match
       412,          88,  match
       110,         390,  match
       254,         246,  match
       348,         152,  match
       233,         267,  match
       311,         189,  match
       156,         344,  match
       144,         356,  match
       397,         103,  match
       446,          54,  match
       260,         240,  match
       487,          13,  match
       157,         343,  match
       251,         249,  match
       202,         298,  match
       477,          23,  match
       493,           7,  match
       440,          60,  match
       362,         138,  match
       455,          45,  match
       455,          45,  match
       165,         335,  match
        55,         445,  match
       126,         374,  match
       179,         321,  match
        80,         420,  match
        46,         454,  match
       415,          85,  match
       231,         269,  match
       431,          69,  match
        30,         470,  match
       375,         125,  match
        90,         410,  match
       480,          20,  match
       456,          44,  match
       138,         362,  match
        84,         416,  match
       446,          54,  match
       402,          98,  match
       491,           9,  match
        86,         414,  match
       322,         178,  match
       138,         362,  match
       237,         263,  match
        46,         454,  match
       424,          76,  match
       349,         151,  match
       101,         399,  match
       328,         172,  match
       265,         235,  match
       255,         245,  match
       348,         152,  match
       318,         182,  match
       222,         278,  match
       195,         305,  match
       420,          80,  match
       420,          80,  match
